===========================================
MAP01
===========================================

Time: 1:12 (par: 0:30)

Player 1 (Green):
	Kills: 48 / 48 (100%)
	Items: 5 / 6 (83%)
	Secrets: 6 / 6 (100%)

===========================================
MAP02
===========================================

Time: 2:07 (par: 1:30)

Player 1 (Green):
	Kills: 107 / 106 (100%)
	Items: 2 / 9 (22%)
	Secrets: 2 / 2 (100%)

===========================================
MAP03
===========================================

Time: 3:03 (par: 2:00)

Player 1 (Green):
	Kills: 132 / 132 (100%)
	Items: 39 / 44 (88%)
	Secrets: 1 / 1 (100%)

===========================================
MAP04
===========================================

Time: 4:47 (par: 2:00)

Player 1 (Green):
	Kills: 287 / 287 (100%)
	Items: 39 / 39 (100%)
	Secrets: 4 / 4 (100%)

===========================================
MAP05
===========================================

Time: 2:39 (par: 1:30)

Player 1 (Green):
	Kills: 96 / 96 (100%)
	Items: 6 / 20 (30%)
	Secrets: 1 / 1 (100%)

===========================================
MAP06
===========================================

Time: 5:19 (par: 2:30)

Player 1 (Green):
	Kills: 188 / 187 (100%)
	Items: 28 / 29 (96%)
	Secrets: 3 / 3 (100%)

===========================================
MAP07
===========================================

Time: 2:13 (par: 2:00)

Player 1 (Green):
	Kills: 45 / 45 (100%)
	Items: 0 / 1 (0%)
	Secrets: 1 / 1 (100%)

===========================================
MAP08
===========================================

Time: 6:24 (par: 2:00)

Player 1 (Green):
	Kills: 253 / 253 (100%)
	Items: 15 / 45 (33%)
	Secrets: 9 / 9 (100%)

===========================================
MAP09
===========================================

Time: 4:27 (par: 4:30)

Player 1 (Green):
	Kills: 141 / 141 (100%)
	Items: 11 / 15 (73%)
	Secrets: 7 / 7 (100%)

===========================================
MAP10
===========================================

Time: 6:12 (par: 1:30)

Player 1 (Green):
	Kills: 359 / 359 (-82%)
	Items: 29 / 31 (93%)
	Secrets: 2 / 2 (100%)

===========================================
MAP11
===========================================

Time: 10:32 (par: 3:30)

Player 1 (Green):
	Kills: 233 / 231 (100%)
	Items: 8 / 19 (42%)
	Secrets: 4 / 4 (100%)

===========================================
MAP12
===========================================

Time: 6:48 (par: 2:30)

Player 1 (Green):
	Kills: 257 / 257 (100%)
	Items: 44 / 86 (51%)
	Secrets: 11 / 11 (100%)

===========================================
MAP13
===========================================

Time: 8:31 (par: 2:30)

Player 1 (Green):
	Kills: 593 / 592 (-10%)
	Items: 22 / 44 (50%)
	Secrets: 4 / 4 (100%)

===========================================
MAP14
===========================================

Time: 10:34 (par: 2:30)

Player 1 (Green):
	Kills: 644 / 644 (-1%)
	Items: 15 / 40 (37%)
	Secrets: 3 / 3 (100%)

===========================================
MAP15
===========================================

Time: 6:05 (par: 3:30)

Player 1 (Green):
	Kills: 209 / 204 (102%)
	Items: 3 / 5 (60%)
	Secrets: 3 / 3 (100%)

===========================================
MAP31
===========================================

Time: 6:38 (par: 2:00)

Player 1 (Green):
	Kills: 240 / 238 (100%)
	Items: 3 / 8 (37%)
	Secrets: 3 / 3 (100%)

===========================================
MAP32
===========================================

Time: 6:17 (par: 0:30)

Player 1 (Green):
	Kills: 396 / 395 (-65%)
	Items: 11 / 13 (84%)
	Secrets: 1 / 1 (100%)

===========================================
MAP16
===========================================

Time: 5:32 (par: 2:30)

Player 1 (Green):
	Kills: 258 / 258 (100%)
	Items: 65 / 78 (83%)
	Secrets: 2 / 2 (100%)

===========================================
MAP17
===========================================

Time: 3:29 (par: 7:00)

Player 1 (Green):
	Kills: 134 / 134 (100%)
	Items: 1 / 2 (50%)
	Secrets: 1 / 1 (100%)

===========================================
MAP18
===========================================

Time: 12:22 (par: 2:30)

Player 1 (Green):
	Kills: 639 / 639 (-2%)
	Items: 10 / 14 (71%)
	Secrets: 2 / 2 (100%)

===========================================
MAP19
===========================================

Time: 7:47 (par: 3:30)

Player 1 (Green):
	Kills: 280 / 268 (104%)
	Items: 35 / 37 (94%)
	Secrets: 1 / 1 (100%)

===========================================
MAP20
===========================================

Time: 16:46 (par: 2:30)

Player 1 (Green):
	Kills: 494 / 494 (-32%)
	Items: 6 / 6 (100%)
	Secrets: 1 / 1 (100%)

===========================================
MAP21
===========================================

Time: 3:15 (par: 4:00)

Player 1 (Green):
	Kills: 67 / 67 (100%)
	Items: 39 / 77 (50%)
	Secrets: 2 / 2 (100%)

===========================================
MAP22
===========================================

Time: 5:00 (par: 2:30)

Player 1 (Green):
	Kills: 159 / 158 (100%)
	Items: 32 / 61 (52%)
	Secrets: 4 / 4 (100%)

===========================================
MAP23
===========================================

Time: 7:03 (par: 3:00)

Player 1 (Green):
	Kills: 160 / 158 (101%)
	Items: 5 / 5 (100%)
	Secrets: 5 / 5 (100%)

===========================================
MAP24
===========================================

Time: 5:35 (par: 2:30)

Player 1 (Green):
	Kills: 143 / 143 (100%)
	Items: 12 / 16 (75%)
	Secrets: 5 / 5 (100%)

===========================================
MAP25
===========================================

Time: 23:31 (par: 2:30)

Player 1 (Green):
	Kills: 1409 / 1325 (7%)
	Items: 20 / 25 (80%)
	Secrets: 10 / 10 (100%)

===========================================
MAP26
===========================================

Time: 16:32 (par: 5:00)

Player 1 (Green):
	Kills: 1024 / 964 (-29%)
	Items: 19 / 21 (90%)
	Secrets: 3 / 3 (100%)

===========================================
MAP27
===========================================

Time: 21:35 (par: 5:30)

Player 1 (Green):
	Kills: 839 / 838 (21%)
	Items: 8 / 18 (44%)
	Secrets: 13 / 13 (100%)

===========================================
MAP28
===========================================

Time: 13:31 (par: 7:00)

Player 1 (Green):
	Kills: 306 / 304 (100%)
	Items: 34 / 39 (87%)
	Secrets: 8 / 8 (100%)

===========================================
MAP29
===========================================

Time: 7:59 (par: 5:00)

Player 1 (Green):
	Kills: 354 / 346 (-87%)
	Items: 10 / 24 (41%)
	Secrets: 3 / 3 (100%)

===========================================
MAP30
===========================================

Time: 9:52 (par: 3:00)

Player 1 (Green):
	Kills: 125 / 6 (2083%)
	Items: 3 / 4 (75%)
	Secrets: 1 / 1 (100%)

