===========================================
MAP01
===========================================

Time: 0:15 (par: 0:30)

Player 1 (Green):
	Kills: 0 / 1 (0%)
	Items: 0 / 1 (0%)
	Secrets: 1 / 1 (100%)

===========================================
MAP02
===========================================

Time: 0:02 (par: 1:30)

Player 1 (Green):
	Kills: 0 / 2 (0%)
	Items: 1 / 1 (100%)
	Secrets: 1 / 1 (100%)

===========================================
MAP03
===========================================

Time: 0:54 (par: 2:00)

Player 1 (Green):
	Kills: 2 / 2 (100%)
	Items: 1 / 1 (100%)
	Secrets: 1 / 1 (100%)

===========================================
MAP04
===========================================

Time: 0:09 (par: 2:00)

Player 1 (Green):
	Kills: 0 / 1 (0%)
	Items: 1 / 1 (100%)
	Secrets: 1 / 1 (100%)

===========================================
MAP05
===========================================

Time: 0:04 (par: 1:30)

Player 1 (Green):
	Kills: 0 / 3 (0%)
	Items: 1 / 1 (100%)
	Secrets: 1 / 1 (100%)

===========================================
MAP06
===========================================

Time: 0:19 (par: 2:30)

Player 1 (Green):
	Kills: 1 / 3 (33%)
	Items: 1 / 1 (100%)
	Secrets: 1 / 1 (100%)

===========================================
MAP07
===========================================

Time: 0:17 (par: 2:00)

Player 1 (Green):
	Kills: 4 / 8 (50%)
	Items: 0 / 1 (0%)
	Secrets: 1 / 1 (100%)

===========================================
MAP08
===========================================

Time: 1:00 (par: 2:00)

Player 1 (Green):
	Kills: 4 / 4 (100%)
	Items: 2 / 2 (100%)
	Secrets: 1 / 1 (100%)

===========================================
MAP09
===========================================

Time: 0:34 (par: 4:30)

Player 1 (Green):
	Kills: 0 / 4 (0%)
	Items: 1 / 1 (100%)
	Secrets: 1 / 1 (100%)

===========================================
MAP10
===========================================

Time: 0:11 (par: 1:30)

Player 1 (Green):
	Kills: 0 / 3 (0%)
	Items: 1 / 1 (100%)
	Secrets: 1 / 1 (100%)

===========================================
MAP11
===========================================

Time: 0:59 (par: 3:30)

Player 1 (Green):
	Kills: 1 / 1 (100%)
	Items: 0 / 1 (0%)
	Secrets: 1 / 1 (100%)

===========================================
MAP12
===========================================

Time: 1:53 (par: 2:30)

Player 1 (Green):
	Kills: 2 / 2 (100%)
	Items: 2 / 2 (100%)
	Secrets: 1 / 1 (100%)

===========================================
MAP13
===========================================

Time: 0:02 (par: 2:30)

Player 1 (Green):
	Kills: 0 / 3 (0%)
	Items: 1 / 1 (100%)
	Secrets: 1 / 1 (100%)

===========================================
MAP14
===========================================

Time: 0:48 (par: 2:30)

Player 1 (Green):
	Kills: 4 / 4 (100%)
	Items: 1 / 2 (50%)
	Secrets: 1 / 1 (100%)

===========================================
MAP15
===========================================

Time: 0:19 (par: 3:30)

Player 1 (Green):
	Kills: 4 / 4 (100%)
	Items: 1 / 1 (100%)
	Secrets: 1 / 1 (100%)

===========================================
MAP16
===========================================

Time: 0:37 (par: 2:30)

Player 1 (Green):
	Kills: 0 / 2 (0%)
	Items: 1 / 1 (100%)
	Secrets: 1 / 1 (100%)

===========================================
MAP17
===========================================

Time: 1:07 (par: 7:00)

Player 1 (Green):
	Kills: 5 / 5 (100%)
	Items: 1 / 1 (100%)
	Secrets: 1 / 1 (100%)

===========================================
MAP18
===========================================

Time: 0:19 (par: 2:30)

Player 1 (Green):
	Kills: 0 / 6 (0%)
	Items: 1 / 1 (100%)
	Secrets: 1 / 1 (100%)

===========================================
MAP19
===========================================

Time: 0:09 (par: 3:30)

Player 1 (Green):
	Kills: 0 / 3 (0%)
	Items: 1 / 1 (100%)
	Secrets: 1 / 1 (100%)

===========================================
MAP20
===========================================

Time: 0:35 (par: 2:30)

Player 1 (Green):
	Kills: 3 / 4 (75%)
	Items: 1 / 1 (100%)
	Secrets: 1 / 1 (100%)

===========================================
MAP21
===========================================

Time: 0:40 (par: 4:00)

Player 1 (Green):
	Kills: 6 / 6 (100%)
	Items: 1 / 1 (100%)
	Secrets: 1 / 1 (100%)

===========================================
MAP22
===========================================

Time: 0:36 (par: 2:30)

Player 1 (Green):
	Kills: 0 / 1 (0%)
	Items: 1 / 1 (100%)
	Secrets: 1 / 1 (100%)

===========================================
MAP23
===========================================

Time: 3:15 (par: 3:00)

Player 1 (Green):
	Kills: 6 / 8 (75%)
	Items: 2 / 2 (100%)
	Secrets: 0 / 1 (0%)

===========================================
MAP24
===========================================

Time: 0:17 (par: 2:30)

Player 1 (Green):
	Kills: 0 / 3 (0%)
	Items: 1 / 1 (100%)
	Secrets: 1 / 1 (100%)

===========================================
MAP25
===========================================

Time: 0:14 (par: 2:30)

Player 1 (Green):
	Kills: 0 / 1 (0%)
	Items: 1 / 1 (100%)
	Secrets: 1 / 1 (100%)

===========================================
MAP26
===========================================

Time: 0:43 (par: 5:00)

Player 1 (Green):
	Kills: 0 / 2 (0%)
	Items: 1 / 1 (100%)
	Secrets: 1 / 1 (100%)

===========================================
MAP27
===========================================

Time: 0:27 (par: 5:30)

Player 1 (Green):
	Kills: 0 / 3 (0%)
	Items: 0 / 1 (0%)
	Secrets: 1 / 1 (100%)

===========================================
MAP28
===========================================

Time: 0:59 (par: 7:00)

Player 1 (Green):
	Kills: 4 / 4 (100%)
	Items: 2 / 2 (100%)
	Secrets: 1 / 1 (100%)

===========================================
MAP29
===========================================

Time: 0:19 (par: 5:00)

Player 1 (Green):
	Kills: 2 / 2 (100%)
	Items: 1 / 1 (100%)
	Secrets: 1 / 1 (100%)

===========================================
MAP30
===========================================

Time: 1:01 (par: 3:00)

Player 1 (Green):
	Kills: 124 / 124 (100%)
	Items: 1 / 1 (100%)
	Secrets: 1 / 1 (100%)

