===========================================
MAP01
===========================================

Time: 2:00 (par: 0:30)

Player 1 (Green):
	Kills: 42 / 108 (38%)
	Items: 9 / 66 (13%)
	Secrets: 1 / 1 (100%)

===========================================
MAP02
===========================================

Time: 3:13 (par: 1:30)

Player 1 (Green):
	Kills: 59 / 160 (36%)
	Items: 4 / 67 (5%)
	Secrets: 3 / 7 (42%)

===========================================
MAP03
===========================================

Time: 4:20 (par: 2:00)

Player 1 (Green):
	Kills: 76 / 242 (31%)
	Items: 27 / 57 (47%)
	Secrets: 0 / 11 (0%)

===========================================
MAP04
===========================================

Time: 3:05 (par: 2:00)

Player 1 (Green):
	Kills: 52 / 240 (21%)
	Items: 3 / 10 (30%)
	Secrets: 1 / 4 (25%)

===========================================
MAP05
===========================================

Time: 3:14 (par: 1:30)

Player 1 (Green):
	Kills: 62 / 149 (41%)
	Items: 4 / 11 (36%)
	Secrets: 0 / 4 (0%)

===========================================
MAP06
===========================================

Time: 3:30 (par: 2:30)

Player 1 (Green):
	Kills: 72 / 164 (43%)
	Items: 11 / 74 (14%)
	Secrets: 2 / 3 (66%)

===========================================
MAP07
===========================================

Time: 4:57 (par: 2:00)

Player 1 (Green):
	Kills: 100 / 142 (70%)
	Items: 33 / 50 (66%)
	Secrets: 1 / 4 (25%)

===========================================
MAP08
===========================================

Time: 3:15 (par: 2:00)

Player 1 (Green):
	Kills: 61 / 162 (37%)
	Items: 7 / 21 (33%)
	Secrets: 0 / 1 (0%)

===========================================
MAP09
===========================================

Time: 3:44 (par: 4:30)

Player 1 (Green):
	Kills: 74 / 233 (31%)
	Items: 3 / 6 (50%)
	Secrets: 1 / 1 (100%)

===========================================
MAP10
===========================================

Time: 2:02 (par: 1:30)

Player 1 (Green):
	Kills: 66 / 231 (28%)
	Items: 1 / 10 (10%)
	Secrets: 4 / 6 (66%)

===========================================
MAP11
===========================================

Time: 5:55 (par: 3:30)

Player 1 (Green):
	Kills: 134 / 279 (48%)
	Items: 2 / 8 (25%)
	Secrets: 1 / 11 (9%)

===========================================
MAP12
===========================================

Time: 7:47 (par: 2:30)

Player 1 (Green):
	Kills: 91 / 232 (39%)
	Items: 3 / 7 (42%)
	Secrets: 1 / 4 (25%)

===========================================
MAP13
===========================================

Time: 0:09 (par: 2:30)

Player 1 (Green):
	Kills: 1 / 5 (20%)
	Items: 1 / 1 (100%)
	Secrets: 1 / 1 (100%)

===========================================
MAP14
===========================================

Time: 0:11 (par: 2:30)

Player 1 (Green):
	Kills: 2 / 129 (1%)
	Items: 1 / 67 (1%)
	Secrets: 0 / 3 (0%)

===========================================
MAP15
===========================================

Time: 6:46 (par: 3:30)

Player 1 (Green):
	Kills: 76 / 175 (43%)
	Items: 4 / 16 (25%)
	Secrets: 3 / 3 (100%)

===========================================
MAP31
===========================================

Time: 2:27 (par: 2:00)

Player 1 (Green):
	Kills: 33 / 173 (19%)
	Items: 4 / 21 (19%)
	Secrets: 1 / 3 (33%)

===========================================
MAP32
===========================================

Time: 3:49 (par: 0:30)

Player 1 (Green):
	Kills: 50 / 143 (34%)
	Items: 1 / 12 (8%)
	Secrets: 3 / 9 (33%)

===========================================
MAP16
===========================================

Time: 3:01 (par: 2:30)

Player 1 (Green):
	Kills: 76 / 143 (53%)
	Items: 7 / 66 (10%)
	Secrets: 1 / 2 (50%)

===========================================
MAP17
===========================================

Time: 3:31 (par: 7:00)

Player 1 (Green):
	Kills: 52 / 88 (59%)
	Items: 4 / 7 (57%)
	Secrets: 2 / 2 (100%)

===========================================
MAP18
===========================================

Time: 3:23 (par: 2:30)

Player 1 (Green):
	Kills: 66 / 88 (75%)
	Items: 4 / 29 (13%)
	Secrets: 1 / 2 (50%)

===========================================
MAP19
===========================================

Time: 7:30 (par: 3:30)

Player 1 (Green):
	Kills: 116 / 279 (41%)
	Items: 2 / 8 (25%)
	Secrets: 1 / 6 (16%)

===========================================
MAP20
===========================================

Time: 4:43 (par: 2:30)

Player 1 (Green):
	Kills: 59 / 276 (21%)
	Items: 2 / 14 (14%)
	Secrets: 0 / 11 (0%)

===========================================
MAP21
===========================================

Time: 3:09 (par: 4:00)

Player 1 (Green):
	Kills: 55 / 102 (53%)
	Items: 9 / 11 (81%)
	Secrets: 1 / 2 (50%)

===========================================
MAP22
===========================================

Time: 1:35 (par: 2:30)

Player 1 (Green):
	Kills: 16 / 249 (6%)
	Items: 1 / 11 (9%)
	Secrets: 1 / 5 (20%)

===========================================
MAP23
===========================================

Time: 4:36 (par: 3:00)

Player 1 (Green):
	Kills: 88 / 196 (44%)
	Items: 2 / 5 (40%)
	Secrets: 0 / 3 (0%)

===========================================
MAP24
===========================================

Time: 8:05 (par: 2:30)

Player 1 (Green):
	Kills: 129 / 325 (39%)
	Items: 4 / 11 (36%)
	Secrets: 2 / 3 (66%)

===========================================
MAP25
===========================================

Time: 11:01 (par: 2:30)

Player 1 (Green):
	Kills: 169 / 208 (81%)
	Items: 4 / 13 (30%)
	Secrets: 0 / 3 (0%)

===========================================
MAP26
===========================================

Time: 9:51 (par: 5:00)

Player 1 (Green):
	Kills: 204 / 335 (60%)
	Items: 14 / 23 (60%)
	Secrets: 1 / 3 (33%)

===========================================
MAP27
===========================================

Time: 1:55 (par: 5:30)

Player 1 (Green):
	Kills: 11 / 250 (4%)
	Items: 3 / 16 (18%)
	Secrets: 0 / 6 (0%)

===========================================
MAP28
===========================================

Time: 4:53 (par: 7:00)

Player 1 (Green):
	Kills: 67 / 101 (66%)
	Items: 5 / 9 (55%)
	Secrets: 1 / 1 (100%)

===========================================
MAP29
===========================================

Time: 8:44 (par: 5:00)

Player 1 (Green):
	Kills: 165 / 276 (59%)
	Items: 2 / 9 (22%)
	Secrets: 1 / 7 (14%)

===========================================
MAP30
===========================================

Time: 2:33 (par: 3:00)

Player 1 (Green):
	Kills: 9 / 165 (5%)
	Items: 2 / 11 (18%)
	Secrets: 1 / 8 (12%)

