===========================================
MAP01
===========================================

Time: 1:10 (par: 0:30)

Player 1 (Green):
	Kills: 92 / 92 (100%)
	Items: 8 / 8 (100%)
	Secrets: 0

===========================================
MAP02
===========================================

Time: 2:12 (par: 1:30)

Player 1 (Green):
	Kills: 120 / 120 (100%)
	Items: 13 / 14 (92%)
	Secrets: 1 / 1 (100%)

===========================================
MAP03
===========================================

Time: 3:06 (par: 2:00)

Player 1 (Green):
	Kills: 82 / 82 (100%)
	Items: 30 / 30 (100%)
	Secrets: 0

===========================================
MAP04
===========================================

Time: 2:59 (par: 2:00)

Player 1 (Green):
	Kills: 126 / 126 (100%)
	Items: 2 / 2 (100%)
	Secrets: 1 / 1 (100%)

===========================================
MAP05
===========================================

Time: 2:45 (par: 1:30)

Player 1 (Green):
	Kills: 147 / 147 (100%)
	Items: 3 / 3 (100%)
	Secrets: 3 / 3 (100%)

===========================================
MAP06
===========================================

Time: 3:12 (par: 2:30)

Player 1 (Green):
	Kills: 169 / 169 (100%)
	Items: 52 / 52 (100%)
	Secrets: 2 / 2 (100%)

===========================================
MAP07
===========================================

Time: 1:51 (par: 2:00)

Player 1 (Green):
	Kills: 75 / 75 (100%)
	Items: 2 / 2 (100%)
	Secrets: 0

===========================================
MAP08
===========================================

Time: 1:49 (par: 2:00)

Player 1 (Green):
	Kills: 19 / 17 (111%)
	Items: 1 / 1 (100%)
	Secrets: 1 / 1 (100%)

===========================================
MAP09
===========================================

Time: 2:40 (par: 4:30)

Player 1 (Green):
	Kills: 108 / 99 (109%)
	Items: 2 / 3 (66%)
	Secrets: 1 / 1 (100%)

===========================================
MAP10
===========================================

Time: 3:18 (par: 1:30)

Player 1 (Green):
	Kills: 196 / 165 (118%)
	Items: 10 / 11 (90%)
	Secrets: 1 / 1 (100%)

===========================================
MAP11
===========================================

Time: 2:14 (par: 3:30)

Player 1 (Green):
	Kills: 106 / 106 (100%)
	Items: 3 / 3 (100%)
	Secrets: 1 / 1 (100%)

===========================================
MAP12
===========================================

Time: 2:59 (par: 2:30)

Player 1 (Green):
	Kills: 179 / 176 (101%)
	Items: 2 / 3 (66%)
	Secrets: 0

===========================================
MAP13
===========================================

Time: 4:31 (par: 2:30)

Player 1 (Green):
	Kills: 264 / 260 (101%)
	Items: 22 / 26 (84%)
	Secrets: 2 / 2 (100%)

===========================================
MAP14
===========================================

Time: 6:20 (par: 2:30)

Player 1 (Green):
	Kills: 262 / 248 (105%)
	Items: 2 / 3 (66%)
	Secrets: 2 / 2 (100%)

===========================================
MAP15
===========================================

Time: 3:04 (par: 3:30)

Player 1 (Green):
	Kills: 209 / 187 (111%)
	Items: 28 / 30 (93%)
	Secrets: 4 / 4 (100%)

===========================================
MAP31
===========================================

Time: 4:13 (par: 2:00)

Player 1 (Green):
	Kills: 230 / 224 (102%)
	Items: 3 / 4 (75%)
	Secrets: 1 / 1 (100%)

===========================================
MAP32
===========================================

Time: 4:37 (par: 0:30)

Player 1 (Green):
	Kills: 354 / 354 (-85%)
	Items: 4 / 6 (66%)
	Secrets: 1 / 1 (100%)

===========================================
MAP16
===========================================

Time: 3:17 (par: 2:30)

Player 1 (Green):
	Kills: 333 / 331 (-97%)
	Items: 4 / 4 (100%)
	Secrets: 2 / 2 (100%)

===========================================
MAP17
===========================================

Time: 3:11 (par: 7:00)

Player 1 (Green):
	Kills: 311 / 273 (113%)
	Items: 5 / 5 (100%)
	Secrets: 3 / 3 (100%)

===========================================
MAP18
===========================================

Time: 3:54 (par: 2:30)

Player 1 (Green):
	Kills: 165 / 165 (100%)
	Items: 43 / 54 (79%)
	Secrets: 2 / 2 (100%)

===========================================
MAP19
===========================================

Time: 5:13 (par: 3:30)

Player 1 (Green):
	Kills: 200 / 200 (100%)
	Items: 32 / 45 (71%)
	Secrets: 8 / 8 (100%)

===========================================
MAP20
===========================================

Time: 3:38 (par: 2:30)

Player 1 (Green):
	Kills: 554 / 554 (-18%)
	Items: 3 / 3 (100%)
	Secrets: 2 / 2 (100%)

===========================================
MAP21
===========================================

Time: 3:47 (par: 4:00)

Player 1 (Green):
	Kills: 134 / 134 (100%)
	Items: 4 / 5 (80%)
	Secrets: 0

===========================================
MAP22
===========================================

Time: 4:54 (par: 2:30)

Player 1 (Green):
	Kills: 184 / 175 (105%)
	Items: 2 / 3 (66%)
	Secrets: 3 / 3 (100%)

===========================================
MAP23
===========================================

Time: 8:13 (par: 3:00)

Player 1 (Green):
	Kills: 267 / 230 (116%)
	Items: 26 / 35 (74%)
	Secrets: 2 / 2 (100%)

===========================================
MAP24
===========================================

Time: 4:51 (par: 2:30)

Player 1 (Green):
	Kills: 576 / 576 (-13%)
	Items: 3 / 3 (100%)
	Secrets: 0

===========================================
MAP25
===========================================

Time: 4:47 (par: 2:30)

Player 1 (Green):
	Kills: 122 / 106 (115%)
	Items: 2 / 4 (50%)
	Secrets: 1 / 1 (100%)

===========================================
MAP26
===========================================

Time: 3:05 (par: 5:00)

Player 1 (Green):
	Kills: 123 / 122 (100%)
	Items: 2 / 2 (100%)
	Secrets: 1 / 1 (100%)

===========================================
MAP27
===========================================

Time: 2:37 (par: 5:30)

Player 1 (Green):
	Kills: 389 / 389 (-68%)
	Items: 4 / 5 (80%)
	Secrets: 1 / 1 (100%)

===========================================
MAP28
===========================================

Time: 4:31 (par: 7:00)

Player 1 (Green):
	Kills: 1192 / 1143 (-10%)
	Items: 7 / 9 (77%)
	Secrets: 1 / 1 (100%)

===========================================
MAP29
===========================================

Time: 1:53 (par: 5:00)

Player 1 (Green):
	Kills: 214 / 196 (109%)
	Items: 2 / 3 (66%)
	Secrets: 0

===========================================
MAP30
===========================================

Time: 1:35 (par: 3:00)

Player 1 (Green):
	Kills: 0
	Items: 0 / 3 (0%)
	Secrets: 0

