===========================================
MAP01
===========================================

Time: 0:36 (par: 0:30)

Player 1 (Green):
	Kills: 3 / 48 (6%)
	Items: 2 / 26 (7%)
	Secrets: 0 / 2 (0%)

===========================================
MAP02
===========================================

Time: 0:45 (par: 1:30)

Player 1 (Green):
	Kills: 17 / 113 (15%)
	Items: 2 / 8 (25%)
	Secrets: 0 / 2 (0%)

===========================================
MAP03
===========================================

Time: 0:28 (par: 2:00)

Player 1 (Green):
	Kills: 8 / 124 (6%)
	Items: 1 / 74 (1%)
	Secrets: 0 / 1 (0%)

===========================================
MAP04
===========================================

Time: 1:02 (par: 2:00)

Player 1 (Green):
	Kills: 9 / 58 (15%)
	Items: 0 / 9 (0%)
	Secrets: 0 / 1 (0%)

===========================================
MAP05
===========================================

Time: 2:57 (par: 1:30)

Player 1 (Green):
	Kills: 77 / 131 (58%)
	Items: 2 / 3 (66%)
	Secrets: 0 / 1 (0%)

===========================================
MAP06
===========================================

Time: 1:33 (par: 2:30)

Player 1 (Green):
	Kills: 21 / 130 (16%)
	Items: 9 / 140 (6%)
	Secrets: 2 / 5 (40%)

===========================================
MAP07
===========================================

Time: 0:35 (par: 2:00)

Player 1 (Green):
	Kills: 6 / 65 (9%)
	Items: 2 / 3 (66%)
	Secrets: 1 / 1 (100%)

===========================================
MAP08
===========================================

Time: 0:52 (par: 2:00)

Player 1 (Green):
	Kills: 17 / 69 (24%)
	Items: 1 / 22 (4%)
	Secrets: 0 / 2 (0%)

===========================================
MAP09
===========================================

Time: 0:59 (par: 4:30)

Player 1 (Green):
	Kills: 20 / 153 (13%)
	Items: 2 / 45 (4%)
	Secrets: 1 / 2 (50%)

===========================================
MAP10
===========================================

Time: 1:25 (par: 1:30)

Player 1 (Green):
	Kills: 27 / 123 (21%)
	Items: 0 / 9 (0%)
	Secrets: 1 / 5 (20%)

===========================================
MAP11
===========================================

Time: 1:53 (par: 3:30)

Player 1 (Green):
	Kills: 13 / 64 (20%)
	Items: 2 / 61 (3%)
	Secrets: 0 / 2 (0%)

===========================================
MAP12
===========================================

Time: 1:48 (par: 2:30)

Player 1 (Green):
	Kills: 41 / 101 (40%)
	Items: 2 / 4 (50%)
	Secrets: 1 / 3 (33%)

===========================================
MAP13
===========================================

Time: 2:21 (par: 2:30)

Player 1 (Green):
	Kills: 51 / 239 (21%)
	Items: 5 / 45 (11%)
	Secrets: 0 / 4 (0%)

===========================================
MAP14
===========================================

Time: 1:53 (par: 2:30)

Player 1 (Green):
	Kills: 49 / 85 (57%)
	Items: 2 / 4 (50%)
	Secrets: 3 / 7 (42%)

===========================================
MAP15
===========================================

Time: 2:31 (par: 3:30)

Player 1 (Green):
	Kills: 37 / 45 (82%)
	Items: 2 / 3 (66%)
	Secrets: 2 / 3 (66%)

===========================================
MAP31
===========================================

Time: 4:03 (par: 2:00)

Player 1 (Green):
	Kills: 51 / 73 (69%)
	Items: 4 / 4 (100%)
	Secrets: 3 / 3 (100%)

===========================================
MAP32
===========================================

Time: 2:32 (par: 0:30)

Player 1 (Green):
	Kills: 142 / 271 (52%)
	Items: 4 / 15 (26%)
	Secrets: 0 / 1 (0%)

===========================================
MAP16
===========================================

Time: 5:18 (par: 2:30)

Player 1 (Green):
	Kills: 117 / 134 (87%)
	Items: 21 / 23 (91%)
	Secrets: 1 / 2 (50%)

===========================================
MAP17
===========================================

Time: 1:17 (par: 7:00)

Player 1 (Green):
	Kills: 28 / 283 (9%)
	Items: 2 / 37 (5%)
	Secrets: 0 / 3 (0%)

===========================================
MAP18
===========================================

Time: 2:18 (par: 2:30)

Player 1 (Green):
	Kills: 66 / 193 (34%)
	Items: 1 / 37 (2%)
	Secrets: 1 / 1 (100%)

===========================================
MAP19
===========================================

Time: 1:11 (par: 3:30)

Player 1 (Green):
	Kills: 9 / 90 (10%)
	Items: 2 / 3 (66%)
	Secrets: 0 / 3 (0%)

===========================================
MAP20
===========================================

Time: 3:27 (par: 2:30)

Player 1 (Green):
	Kills: 116 / 224 (51%)
	Items: 5 / 12 (41%)
	Secrets: 1 / 2 (50%)

===========================================
MAP21
===========================================

Time: 1:31 (par: 4:00)

Player 1 (Green):
	Kills: 24 / 168 (14%)
	Items: 2 / 28 (7%)
	Secrets: 0 / 2 (0%)

===========================================
MAP22
===========================================

Time: 1:14 (par: 2:30)

Player 1 (Green):
	Kills: 28 / 146 (19%)
	Items: 4 / 8 (50%)
	Secrets: 0 / 1 (0%)

===========================================
MAP23
===========================================

Time: 1:54 (par: 3:00)

Player 1 (Green):
	Kills: 86 / 240 (35%)
	Items: 9 / 56 (16%)
	Secrets: 0 / 5 (0%)

===========================================
MAP24
===========================================

Time: 1:00 (par: 2:30)

Player 1 (Green):
	Kills: 12 / 75 (16%)
	Items: 0 / 4 (0%)
	Secrets: 0 / 2 (0%)

===========================================
MAP25
===========================================

Time: 5:55 (par: 2:30)

Player 1 (Green):
	Kills: 126 / 212 (59%)
	Items: 3 / 34 (8%)
	Secrets: 1 / 1 (100%)

===========================================
MAP26
===========================================

Time: 4:58 (par: 5:00)

Player 1 (Green):
	Kills: 77 / 107 (71%)
	Items: 15 / 23 (65%)
	Secrets: 4 / 4 (100%)

===========================================
MAP27
===========================================

Time: 2:54 (par: 5:30)

Player 1 (Green):
	Kills: 80 / 126 (63%)
	Items: 3 / 4 (75%)
	Secrets: 2 / 4 (50%)

===========================================
MAP28
===========================================

Time: 1:58 (par: 7:00)

Player 1 (Green):
	Kills: 48 / 237 (20%)
	Items: 2 / 12 (16%)
	Secrets: 1 / 6 (16%)

===========================================
MAP29
===========================================

Time: 0:54 (par: 5:00)

Player 1 (Green):
	Kills: 7 / 267 (2%)
	Items: 9 / 84 (10%)
	Secrets: 0 / 1 (0%)

===========================================
MAP30
===========================================

Time: 1:02 (par: 3:00)

Player 1 (Green):
	Kills: 7 / 4 (175%)
	Items: 2 / 4 (50%)
	Secrets: 0 / 1 (0%)

